[    0.000000] Linux version 4.15.0-74-generic (buildd@lcy01-amd64-022) (gcc version 7.4.0 (Ubuntu 7.4.0-1ubuntu1~18.04.1)) #84-Ubuntu SMP Thu Dec 19 08:06:28 UTC 2019 (Ubuntu 4.15.0-74.84-generic 4.15.18)
[    0.000000] Command line: BOOT_IMAGE=/boot/vmlinuz-4.15.0-74-generic root=LABEL=cloudimg-rootfs ro console=tty1 console=ttyS0
[    0.000000] KERNEL supported cpus:
[    0.000000]   Intel GenuineIntel
[    0.000000]   AMD AuthenticAMD
[    0.000000]   Centaur CentaurHauls
[    0.000000] x86/fpu: Supporting XSAVE feature 0x001: 'x87 floating point registers'
[    0.000000] x86/fpu: Supporting XSAVE feature 0x002: 'SSE registers'
[    0.000000] x86/fpu: Supporting XSAVE feature 0x004: 'AVX registers'
[    0.000000] x86/fpu: xstate_offset[2]:  576, xstate_sizes[2]:  256
[    0.000000] x86/fpu: Enabled xstate features 0x7, context size is 832 bytes, using 'standard' format.
[    0.000000] e820: BIOS-provided physical RAM map:
[    0.000000] BIOS-e820: [mem 0x0000000000000000-0x000000000009fbff] usable
[    0.000000] BIOS-e820: [mem 0x000000000009fc00-0x000000000009ffff] reserved
[    0.000000] BIOS-e820: [mem 0x00000000000f0000-0x00000000000fffff] reserved
[    0.000000] BIOS-e820: [mem 0x0000000000100000-0x000000003ffeffff] usable
[    0.000000] BIOS-e820: [mem 0x000000003fff0000-0x000000003fffffff] ACPI data
[    0.000000] BIOS-e820: [mem 0x00000000fec00000-0x00000000fec00fff] reserved
[    0.000000] BIOS-e820: [mem 0x00000000fee00000-0x00000000fee00fff] reserved
[    0.000000] BIOS-e820: [mem 0x00000000fffc0000-0x00000000ffffffff] reserved
[    0.000000] NX (Execute Disable) protection: active
[    0.000000] SMBIOS 2.5 present.
[    0.000000] DMI: innotek GmbH VirtualBox/VirtualBox, BIOS VirtualBox 12/01/2006
[    0.000000] Hypervisor detected: KVM
[    0.000000] e820: last_pfn = 0x3fff0 max_arch_pfn = 0x400000000
[    0.000000] MTRR: Disabled
[    0.000000] x86/PAT: MTRRs disabled, skipping PAT initialization too.
[    0.000000] CPU MTRRs all blank - virtualized system.
[    0.000000] x86/PAT: Configuration [0-7]: WB  WT  UC- UC  WB  WT  UC- UC  
[    0.000000] found SMP MP-table at [mem 0x0009fff0-0x0009ffff]
[    0.000000] Scanning 1 areas for low memory corruption
[    0.000000] RAMDISK: [mem 0x35a6b000-0x36d2cfff]
[    0.000000] ACPI: Early table checksum verification disabled
[    0.000000] ACPI: RSDP 0x00000000000E0000 000024 (v02 VBOX  )
[    0.000000] ACPI: XSDT 0x000000003FFF0030 00003C (v01 VBOX   VBOXXSDT 00000001 ASL  00000061)
[    0.000000] ACPI: FACP 0x000000003FFF00F0 0000F4 (v04 VBOX   VBOXFACP 00000001 ASL  00000061)
[    0.000000] ACPI: DSDT 0x000000003FFF0470 0022EA (v02 VBOX   VBOXBIOS 00000002 INTL 20100528)
[    0.000000] ACPI: FACS 0x000000003FFF0200 000040
[    0.000000] ACPI: FACS 0x000000003FFF0200 000040
[    0.000000] ACPI: APIC 0x000000003FFF0240 00005C (v02 VBOX   VBOXAPIC 00000001 ASL  00000061)
[    0.000000] ACPI: SSDT 0x000000003FFF02A0 0001CC (v01 VBOX   VBOXCPUT 00000002 INTL 20100528)
[    0.000000] No NUMA configuration found
[    0.000000] Faking a node at [mem 0x0000000000000000-0x000000003ffeffff]
[    0.000000] NODE_DATA(0) allocated [mem 0x3ffc5000-0x3ffeffff]
[    0.000000] kvm-clock: cpu 0, msr 0:3ff44001, primary cpu clock
[    0.000000] kvm-clock: Using msrs 4b564d01 and 4b564d00
[    0.000000] kvm-clock: using sched offset of 7444683718 cycles
[    0.000000] clocksource: kvm-clock: mask: 0xffffffffffffffff max_cycles: 0x1cd42e4dffb, max_idle_ns: 881590591483 ns
[    0.000000] Zone ranges:
[    0.000000]   DMA      [mem 0x0000000000001000-0x0000000000ffffff]
[    0.000000]   DMA32    [mem 0x0000000001000000-0x000000003ffeffff]
[    0.000000]   Normal   empty
[    0.000000]   Device   empty
[    0.000000] Movable zone start for each node
[    0.000000] Early memory node ranges
[    0.000000]   node   0: [mem 0x0000000000001000-0x000000000009efff]
[    0.000000]   node   0: [mem 0x0000000000100000-0x000000003ffeffff]
[    0.000000] Reserved but unavailable: 98 pages
[    0.000000] Initmem setup node 0 [mem 0x0000000000001000-0x000000003ffeffff]
[    0.000000] ACPI: PM-Timer IO Port: 0x4008
[    0.000000] IOAPIC[0]: apic_id 2, version 32, address 0xfec00000, GSI 0-23
[    0.000000] ACPI: INT_SRC_OVR (bus 0 bus_irq 0 global_irq 2 dfl dfl)
[    0.000000] ACPI: INT_SRC_OVR (bus 0 bus_irq 9 global_irq 9 low level)
[    0.000000] Using ACPI (MADT) for SMP configuration information
[    0.000000] smpboot: Allowing 2 CPUs, 0 hotplug CPUs
[    0.000000] PM: Registered nosave memory: [mem 0x00000000-0x00000fff]
[    0.000000] PM: Registered nosave memory: [mem 0x0009f000-0x0009ffff]
[    0.000000] PM: Registered nosave memory: [mem 0x000a0000-0x000effff]
[    0.000000] PM: Registered nosave memory: [mem 0x000f0000-0x000fffff]
[    0.000000] e820: [mem 0x40000000-0xfebfffff] available for PCI devices
[    0.000000] Booting paravirtualized kernel on KVM
[    0.000000] clocksource: refined-jiffies: mask: 0xffffffff max_cycles: 0xffffffff, max_idle_ns: 7645519600211568 ns
[    0.000000] random: get_random_bytes called from start_kernel+0x99/0x4fd with crng_init=0
[    0.000000] setup_percpu: NR_CPUS:8192 nr_cpumask_bits:2 nr_cpu_ids:2 nr_node_ids:1
[    0.000000] percpu: Embedded 45 pages/cpu s147456 r8192 d28672 u1048576
[    0.000000] PV qspinlock hash table entries: 256 (order: 0, 4096 bytes)
[    0.000000] Built 1 zonelists, mobility grouping on.  Total pages: 257913
[    0.000000] Policy zone: DMA32
[    0.000000] Kernel command line: BOOT_IMAGE=/boot/vmlinuz-4.15.0-74-generic root=LABEL=cloudimg-rootfs ro console=tty1 console=ttyS0
[    0.000000] Memory: 983072K/1048120K available (12300K kernel code, 2481K rwdata, 4260K rodata, 2428K init, 2704K bss, 65048K reserved, 0K cma-reserved)
[    0.000000] SLUB: HWalign=64, Order=0-3, MinObjects=0, CPUs=2, Nodes=1
[    0.000000] Kernel/User page tables isolation: enabled
[    0.000000] ftrace: allocating 39322 entries in 154 pages
[    0.004000] Hierarchical RCU implementation.
[    0.004000] 	RCU restricting CPUs from NR_CPUS=8192 to nr_cpu_ids=2.
[    0.004000] 	Tasks RCU enabled.
[    0.004000] RCU: Adjusting geometry for rcu_fanout_leaf=16, nr_cpu_ids=2
[    0.004000] NR_IRQS: 524544, nr_irqs: 440, preallocated irqs: 16
[    0.004000] Console: colour VGA+ 80x25
[    0.004000] console [tty1] enabled
[    0.004000] console [ttyS0] enabled
[    0.004000] ACPI: Core revision 20170831
[    0.004000] ACPI: 2 ACPI AML tables successfully acquired and loaded
[    0.004000] APIC: Switch to symmetric I/O mode setup
[    0.004602] x2apic enabled
[    0.008011] Switched APIC routing to physical x2apic.
[    0.014600] ..TIMER: vector=0x30 apic1=0 pin1=2 apic2=-1 pin2=-1
[    0.016009] tsc: Detected 1799.999 MHz processor
[    0.020021] Calibrating delay loop (skipped) preset value.. 3599.99 BogoMIPS (lpj=7199996)
[    0.024009] pid_max: default: 32768 minimum: 301
[    0.028061] Security Framework initialized
[    0.032009] Yama: becoming mindful.
[    0.036054] AppArmor: AppArmor initialized
[    0.040334] Dentry cache hash table entries: 131072 (order: 8, 1048576 bytes)
[    0.044142] Inode-cache hash table entries: 65536 (order: 7, 524288 bytes)
[    0.048319] Mount-cache hash table entries: 2048 (order: 2, 16384 bytes)
[    0.052023] Mountpoint-cache hash table entries: 2048 (order: 2, 16384 bytes)
[   0.056418] Last level iTLB entries: 4KB 64, 2MB 8, 4MB 8
[    0.060009] Last level dTLB entries: 4KB 64, 2MB 0, 4MB 0, 1GB 4
[    0.064009] Spectre V1 : Mitigation: usercopy/swapgs barriers and __user pointer sanitization
[    0.068010] Spectre V2 : Mitigation: Full generic retpoline
[    0.072007] Spectre V2 : Spectre v2 / SpectreRSB mitigation: Filling RSB on context switch
[    0.076009] Speculative Store Bypass: Vulnerable
[    0.080072] MDS: Vulnerable: Clear CPU buffers attempted, no microcode
[    0.084511] Freeing SMP alternatives memory: 36K
[    0.200212] smpboot: CPU0: Intel(R) Core(TM) i5-5350U CPU @ 1.80GHz (family: 0x6, model: 0x3d, stepping: 0x4)
[    0.204384] Performance Events: unsupported p6 CPU model 61 no PMU driver, software events only.
[    0.208092] Hierarchical SRCU implementation.
[    0.212741] NMI watchdog: Perf event create on CPU 0 failed with -2
[    0.216009] NMI watchdog: Perf NMI watchdog permanently disabled
[    0.220623] smp: Bringing up secondary CPUs ...
[    0.224230] x86: Booting SMP configuration:
[    0.228092] .... node  #0, CPUs:      #1
[    0.004000] kvm-clock: cpu 1, msr 0:3ff44041, secondary cpu clock
[    0.240049] smp: Brought up 1 node, 2 CPUs
[    0.241298] smpboot: Max logical packages: 1
[    0.243127] smpboot: Total of 2 processors activated (7199.99 BogoMIPS)
[    0.244197] devtmpfs: initialized
[    0.245363] x86/mm: Memory block size: 128MB
[    0.248166] evm: security.selinux
[    0.249884] evm: security.SMACK64
[    0.252006] evm: security.SMACK64EXEC
[    0.253644] evm: security.SMACK64TRANSMUTE
[    0.256008] evm: security.SMACK64MMAP
[    0.257304] evm: security.apparmor
[    0.258604] evm: security.ima
[    0.260006] evm: security.capability
[    0.261683] clocksource: jiffies: mask: 0xffffffff max_cycles: 0xffffffff, max_idle_ns: 7645041785100000 ns
[    0.264031] futex hash table entries: 512 (order: 3, 32768 bytes)
[    0.272000] pinctrl core: initialized pinctrl subsystem
[    0.272191] RTC time:  5:43:56, date: 01/26/20
[    0.276198] NET: Registered protocol family 16
[    0.277638] audit: initializing netlink subsys (disabled)
[    0.280072] audit: type=2000 audit(1580017443.421:1): state=initialized audit_enabled=0 res=1
[    0.284012] cpuidle: using governor ladder
[    0.285131] cpuidle: using governor menu
[    0.286283] ACPI: bus type PCI registered
[    0.288004] acpiphp: ACPI Hot Plug PCI Controller Driver version: 0.5
[    0.290008] PCI: Using configuration type 1 for base access
[    0.293000] HugeTLB registered 2.00 MiB page size, pre-allocated 0 pages
[    0.296135] ACPI: Added _OSI(Module Device)
[    0.297213] ACPI: Added _OSI(Processor Device)
[    0.300004] ACPI: Added _OSI(3.0 _SCP Extensions)
[    0.301284] ACPI: Added _OSI(Processor Aggregator Device)
[    0.302622] ACPI: Added _OSI(Linux-Dell-Video)
[    0.304004] ACPI: Added _OSI(Linux-Lenovo-NV-HDMI-Audio)
[    0.305643] ACPI: Added _OSI(Linux-HPI-Hybrid-Graphics)
[    0.308147] ACPI: Executed 1 blocks of module-level executable AML code
[    0.314262] ACPI: Interpreter enabled
[    0.316019] ACPI: (supports S0 S5)
[    0.317214] ACPI: Using IOAPIC for interrupt routing
[    0.319045] PCI: Using host bridge windows from ACPI; if necessary, use "pci=nocrs" and report a bug
[    0.320243] ACPI: Enabled 2 GPEs in block 00 to 07
[    0.332335] ACPI: PCI Root Bridge [PCI0] (domain 0000 [bus 00-ff])
[    0.334045] acpi PNP0A03:00: _OSC: OS supports [ASPM ClockPM Segments MSI]
[    0.336142] acpi PNP0A03:00: _OSC: not requesting OS control; OS requires [ExtendedConfig ASPM ClockPM MSI]
[    0.340024] acpi PNP0A03:00: fail to add MMCONFIG information, can't access extended PCI configuration space under this bridge.
[    0.344679] PCI host bridge to bus 0000:00
[    0.345896] pci_bus 0000:00: root bus resource [io  0x0000-0x0cf7 window]
[    0.348006] pci_bus 0000:00: root bus resource [io  0x0d00-0xffff window]
[    0.352013] pci_bus 0000:00: root bus resource [mem 0x000a0000-0x000bffff window]
[    0.356014] pci_bus 0000:00: root bus resource [mem 0x40000000-0xfdffffff window]
[    0.360064] pci_bus 0000:00: root bus resource [bus 00-ff]
[    0.368196] pci 0000:00:01.1: legacy IDE quirk: reg 0x10: [io  0x01f0-0x01f7]
[    0.371072] pci 0000:00:01.1: legacy IDE quirk: reg 0x14: [io  0x03f6]
[    0.372006] pci 0000:00:01.1: legacy IDE quirk: reg 0x18: [io  0x0170-0x0177]
[    0.374736] pci 0000:00:01.1: legacy IDE quirk: reg 0x1c: [io  0x0376]
[    0.416833] pci 0000:00:07.0: quirk: [io  0x4000-0x403f] claimed by PIIX4 ACPI
[    0.420050] pci 0000:00:07.0: quirk: [io  0x4100-0x410f] claimed by PIIX4 SMB
[    0.440590] ACPI: PCI Interrupt Link [LNKA] (IRQs 5 9 10 *11)
[    0.444861] ACPI: PCI Interrupt Link [LNKB] (IRQs 5 9 *10 11)
[    0.449114] ACPI: PCI Interrupt Link [LNKC] (IRQs 5 *9 10 11)
[    0.452215] ACPI: PCI Interrupt Link [LNKD] (IRQs 5 9 10 *11)
[    0.456742] SCSI subsystem initialized
[    0.460123] pci 0000:00:02.0: vgaarb: setting as boot VGA device
[    0.462844] pci 0000:00:02.0: vgaarb: VGA device added: decodes=io+mem,owns=io+mem,locks=none
[    0.464013] pci 0000:00:02.0: vgaarb: bridge control possible
[    0.468009] vgaarb: loaded
[    0.472100] ACPI: bus type USB registered
[    0.476067] usbcore: registered new interface driver usbfs
[    0.480041] usbcore: registered new interface driver hub
[    0.484064] usbcore: registered new device driver usb
[    0.488101] EDAC MC: Ver: 3.0.0
[    0.496145] PCI: Using ACPI for IRQ routing
[    0.500451] NetLabel: Initializing
[    0.504010] NetLabel:  domain hash size = 128
[    0.507192] NetLabel:  protocols = UNLABELED CIPSOv4 CALIPSO
[    0.508047] NetLabel:  unlabeled traffic allowed by default
[    0.512016] clocksource: Switched to clocksource kvm-clock
[    0.556612] VFS: Disk quotas dquot_6.6.0
[    0.566991] VFS: Dquot-cache hash table entries: 512 (order 0, 4096 bytes)
[    0.576342] AppArmor: AppArmor Filesystem Enabled
[    0.584272] pnp: PnP ACPI init
[    0.592345] pnp: PnP ACPI: found 3 devices
[    0.624898] clocksource: acpi_pm: mask: 0xffffff max_cycles: 0xffffff, max_idle_ns: 2085701024 ns
[    0.633933] NET: Registered protocol family 2
[    0.639099] TCP established hash table entries: 8192 (order: 4, 65536 bytes)
[    0.650872] TCP bind hash table entries: 8192 (order: 5, 131072 bytes)
[    0.660640] TCP: Hash tables configured (established 8192 bind 8192)
[    0.673790] UDP hash table entries: 512 (order: 2, 16384 bytes)
[    0.676807] UDP-Lite hash table entries: 512 (order: 2, 16384 bytes)
[    0.680764] NET: Registered protocol family 1
[    0.685667] pci 0000:00:00.0: Limiting direct PCI/PCI transfers
[    0.690587] pci 0000:00:01.0: Activating ISA DMA hang workarounds
[    0.692913] pci 0000:00:02.0: Video device with shadowed ROM at [mem 0x000c0000-0x000dffff]
[    0.698679] Unpacking initramfs...
[    1.395092] Freeing initrd memory: 19208K
[    1.398311] clocksource: tsc: mask: 0xffffffffffffffff max_cycles: 0x19f228ab7a2, max_idle_ns: 440795289252 ns
[    1.402283] platform rtc_cmos: registered platform RTC device (no PNP device found)
[    1.405116] Scanning for low memory corruption every 60 seconds
[    1.408275] Initialise system trusted keyrings
[    1.410184] Key type blacklist registered
[    1.411914] workingset: timestamp_bits=36 max_order=18 bucket_order=0
[    1.415495] zbud: loaded
[    1.417518] squashfs: version 4.0 (2009/01/31) Phillip Lougher
[    1.419944] fuse init (API version 7.26)
[    1.425926] Key type asymmetric registered
[    1.430369] Asymmetric key parser 'x509' registered
[    1.432949] Block layer SCSI generic (bsg) driver version 0.4 loaded (major 246)
[    1.436271] io scheduler noop registered
[    1.438334] io scheduler deadline registered
[    1.440184] io scheduler cfq registered (default)
[    1.443276] ACPI: AC Adapter [AC] (off-line)
[    1.445258] input: Power Button as /devices/LNXSYSTM:00/LNXPWRBN:00/input/input0
[    1.449536] ACPI: Power Button [PWRF]
[    1.451321] input: Sleep Button as /devices/LNXSYSTM:00/LNXSLPBN:00/input/input1
[    1.455861] ACPI: Sleep Button [SLPF]
[    1.460322] Serial: 8250/16550 driver, 32 ports, IRQ sharing enabled
[    1.462531] ACPI: Battery Slot [BAT0] (battery present)
[    1.487267] 00:02: ttyS0 at I/O 0x3f8 (irq = 4, base_baud = 115200) is a 16550A
[    1.494865] Linux agpgart interface v0.103
[    1.499366] loop: module loaded
[    1.502620] scsi host0: ata_piix
[    1.504860] scsi host1: ata_piix
[    1.506140] ata1: PATA max UDMA/33 cmd 0x1f0 ctl 0x3f6 bmdma 0xd000 irq 14
[    1.509782] ata2: PATA max UDMA/33 cmd 0x170 ctl 0x376 bmdma 0xd008 irq 15
[    1.515623] libphy: Fixed MDIO Bus: probed
[    1.517367] tun: Universal TUN/TAP device driver, 1.6
[    1.519869] PPP generic driver version 2.4.2
[    1.522118] ehci_hcd: USB 2.0 'Enhanced' Host Controller (EHCI) Driver
[    1.524895] ehci-pci: EHCI PCI platform driver
[    1.527800] ehci-platform: EHCI generic platform driver
[    1.531368] ohci_hcd: USB 1.1 'Open' Host Controller (OHCI) Driver
[    1.536635] ohci-pci: OHCI PCI platform driver
[    1.539680] ohci-platform: OHCI generic platform driver
[    1.543245] uhci_hcd: USB Universal Host Controller Interface driver
[    1.548727] i8042: PNP: PS/2 Controller [PNP0303:PS2K,PNP0f03:PS2M] at 0x60,0x64 irq 1,12
[    1.555897] serio: i8042 KBD port at 0x60,0x64 irq 1
[    1.559528] serio: i8042 AUX port at 0x60,0x64 irq 12
[    1.564223] mousedev: PS/2 mouse device common for all mice
[    1.567393] input: AT Translated Set 2 keyboard as /devices/platform/i8042/serio0/input/input2
[    1.571383] rtc_cmos rtc_cmos: rtc core: registered rtc_cmos as rtc0
[    1.574087] rtc_cmos rtc_cmos: alarms up to one day, 114 bytes nvram
[    1.576488] i2c /dev entries driver
[    1.577485] device-mapper: uevent: version 1.0.3
[    1.579991] device-mapper: ioctl: 4.37.0-ioctl (2017-09-20) initialised: dm-devel@redhat.com
[    1.585531] ledtrig-cpu: registered to indicate activity on CPUs
[    1.588337] NET: Registered protocol family 10
[    1.597232] Segment Routing with IPv6
[    1.599940] NET: Registered protocol family 17
[    1.602257] Key type dns_resolver registered
[    1.604403] mce: Using 0 MCE banks
[    1.606020] RAS: Correctable Errors collector initialized.
[    1.607909] sched_clock: Marking stable (1604365244, 0)->(3833632496, -2229267252)
[    1.615212] registered taskstats version 1
[    1.616774] Loading compiled-in X.509 certificates
[    1.621221] Loaded X.509 cert 'Build time autogenerated kernel key: 62d24f9c726e026b112735485dad6e6e4b50c923'
[    1.632066] zswap: loaded using pool lzo/zbud
[    1.640674] Key type big_key registered
[    1.642630] Key type trusted registered
[    1.650130] Key type encrypted registered
[    1.652372] AppArmor: AppArmor sha1 policy hashing enabled
[    1.655382] ima: No TPM chip found, activating TPM-bypass! (rc=-19)
[    1.657981] ima: Allocated hash algorithm: sha1
[    1.659677] evm: HMAC attrs: 0x1
[    1.662402]   Magic number: 4:136:720
[    1.664272] block loop0: hash matches
[    1.665821] rtc_cmos rtc_cmos: setting system clock to 2020-01-26 05:43:58 UTC (1580017438)
[    1.669322] BIOS EDD facility v0.16 2004-Jun-25, 0 devices found
[    1.671593] EDD information not available.
[    1.676657] Freeing unused kernel image memory: 2428K
[    1.697485] Write protecting the kernel read-only data: 20480k
[    1.700407] Freeing unused kernel image memory: 2008K
[    1.703142] Freeing unused kernel image memory: 1884K
[    1.725690] x86/mm: Checked W+X mappings: passed, no W+X pages found.
[    1.729135] x86/mm: Checking user space page tables
[    1.746181] x86/mm: Checked W+X mappings: passed, no W+X pages found.
Loading, please wait...
starting version 237
[    1.902713] Fusion MPT base driver 3.04.20
[    1.902796] e1000: Intel(R) PRO/1000 Network Driver - version 7.3.21-k8-NAPI
[    1.904503] Copyright (c) 1999-2008 LSI Corporation
[    1.907446] e1000: Copyright (c) 1999-2006 Intel Corporation.
[    1.936441] Fusion MPT SPI Host driver 3.04.20
[    1.945869] AVX2 version of gcm_enc/dec engaged.
[    1.947871] AES CTR mode by8 optimization enabled
[    2.146038] input: ImExPS/2 Generic Explorer Mouse as /devices/platform/i8042/serio1/input/input4
[    2.572063] e1000 0000:00:03.0 eth0: (PCI:33MHz:32-bit) 02:6f:f9:1e:39:dc
[    2.575145] e1000 0000:00:03.0 eth0: Intel(R) PRO/1000 Network Connection
[    2.581753] mptbase: ioc0: Initiating bringup
[    2.585063] e1000 0000:00:03.0 enp0s3: renamed from eth0
[    2.697599] ioc0: LSI53C1030 A0: Capabilities={Initiator}
[    3.465122] scsi host2: ioc0: LSI53C1030 A0, FwRev=00000000h, Ports=1, MaxQ=256, IRQ=20
[    4.330550] scsi 2:0:0:0: Direct-Access     VBOX     HARDDISK         1.0  PQ: 0 ANSI: 5
[    4.364397] scsi target2:0:0: Beginning Domain Validation
[    4.370050] scsi target2:0:0: Domain Validation skipping write tests
[    4.372535] scsi target2:0:0: Ending Domain Validation
[    4.374921] scsi target2:0:0: asynchronous
[    4.377932] scsi 2:0:1:0: Direct-Access     VBOX     HARDDISK         1.0  PQ: 0 ANSI: 5
[    4.412386] scsi target2:0:1: Beginning Domain Validation
[    4.414902] random: fast init done
[    4.420379] scsi target2:0:1: Domain Validation skipping write tests
[    4.423015] scsi target2:0:1: Ending Domain Validation
[    4.427672] scsi target2:0:1: asynchronous
[    4.445325] random: systemd-udevd: uninitialized urandom read (16 bytes read)
[    4.448144] random: systemd-udevd: uninitialized urandom read (16 bytes read)
[    4.451344] random: systemd-udevd: uninitialized urandom read (16 bytes read)
[    4.451890] sd 2:0:0:0: [sda] 20971520 512-byte logical blocks: (10.7 GB/10.0 GiB)
[    4.456883] sd 2:0:0:0: [sda] Write Protect is off
[    4.458708] sd 2:0:0:0: Attached scsi generic sg0 type 0
[    4.460984] sd 2:0:0:0: [sda] Incomplete mode parameter data
[    4.462738] sd 2:0:0:0: [sda] Assuming drive cache: write through
[    4.465449] sd 2:0:1:0: Attached scsi generic sg1 type 0
[    4.468406] sd 2:0:1:0: [sdb] 20480 512-byte logical blocks: (10.5 MB/10.0 MiB)
[    4.471393]  sda: sda1
[    4.474112] sd 2:0:1:0: [sdb] Write Protect is off
[    4.476556] sd 2:0:1:0: [sdb] Incomplete mode parameter data
[    4.477592] sd 2:0:0:0: [sda] Attached SCSI disk
[    4.478782] sd 2:0:1:0: [sdb] Assuming drive cache: write through
[    4.488597] sd 2:0:1:0: [sdb] Attached SCSI disk
Begin: Loading essential drivers ... [    6.080238] raid6: sse2x1   gen()  4905 MB/s
[    6.128055] raid6: sse2x1   xor()  6227 MB/s
[    6.176021] raid6: sse2x2   gen() 10662 MB/s
[    6.224261] raid6: sse2x2   xor()  4573 MB/s
[    6.272191] raid6: sse2x4   gen()  9570 MB/s
[    6.320589] raid6: sse2x4   xor()  6025 MB/s
[    6.368102] raid6: avx2x1   gen()  9887 MB/s
[    6.416123] raid6: avx2x1   xor() 10893 MB/s
[    6.464103] raid6: avx2x2   gen() 20510 MB/s
[    6.512174] raid6: avx2x2   xor()  8639 MB/s
[    6.560735] raid6: avx2x4   gen() 10394 MB/s
[    6.608416] raid6: avx2x4   xor()  2254 MB/s
[    6.621755] raid6: using algorithm avx2x2 gen() 20510 MB/s
[    6.629816] raid6: .... xor() 8639 MB/s, rmw enabled
[    6.637476] raid6: using avx2x2 recovery algorithm
[    6.650858] xor: automatically using best checksumming function   avx       
[    6.665869] async_tx: api initialized (async)
done.
Begin: Running /scripts/init-premount ... done.
Begin: Mounting root file system ... Begin: Running /scripts/local-top ... done.
Begin: Running /scripts/local-premount ... [    6.887613] Btrfs loaded, crc32c=crc32c-intel
Scanning for Btrfs filesystems
done.
Warning: fsck not present, so skipping root file system
[    6.960618] EXT4-fs (sda1): mounted filesystem with ordered data mode. Opts: (null)
done.
Begin: Running /scripts/local-bottom ... done.
Begin: Running /scripts/init-bottom ... done.
[    7.401424] ip_tables: (C) 2000-2006 Netfilter Core Team
[    7.421204] systemd[1]: systemd 237 running in system mode. (+PAM +AUDIT +SELINUX +IMA +APPARMOR +SMACK +SYSVINIT +UTMP +LIBCRYPTSETUP +GCRYPT +GNUTLS +ACL +XZ +LZ4 +SECCOMP +BLKID +ELFUTILS +KMOD -IDN2 +IDN -PCRE2 default-hierarchy=hybrid)
[    7.431390] systemd[1]: Detected virtualization oracle.
[    7.434172] systemd[1]: Detected architecture x86-64.

Welcome to [1mUbuntu 18.04.3 LTS[0m!

[    7.458339] systemd[1]: Set hostname to <ubuntu>.
[    7.473681] systemd[1]: Initializing machine ID from random generator.
[    7.477205] systemd[1]: Installed transient /etc/machine-id file.
[    8.473571] systemd[1]: Created slice User and Session Slice.
[[0;32m  OK  [0m] Created slice User and Session Slice.
[    8.499818] systemd[1]: Reached target System Time Synchronized.
[[0;32m  OK  [0m] Reached target System Time Synchronized.
[    8.524854] systemd[1]: Started Forward Password Requests to Wall Directory Watch.
[[0;32m  OK  [0m] Started Forward Password Requests to Wall Directory Watch.
[    8.634247] systemd[1]: Reached target Swap.
[[0;32m  OK  [0m] Reached target Swap.
[[0;32m  OK  [0m] Set up automount Arbitrary Executabâ€¦rmats File System Automount Point.
[[0;32m  OK  [0m] Created slice System Slice.
[[0;32m  OK  [0m] Listening on udev Control Socket.
[[0;32m  OK  [0m] Listening on Syslog Socket.
[[0;32m  OK  [0m] Listening on LVM2 poll daemon socket.
[[0;32m  OK  [0m] Created slice system-serial\x2dgetty.slice.
[[0;32m  OK  [0m] Listening on Journal Socket.
         Starting Create list of required stâ€¦ce nodes for the current kernel...
         Starting Remount Root and Kernel File Systems...
         Mounting Kernel Debug File System...
         Mounting POSIX Message Queue File System...
[[0;32m  OK  [[    8.751642] EXT4-fs (sda1): re-mounted. Opts: (null)
0m] Listening on Network Service Netlink Socket.
[[0;32m  OK  [0m] Listening on /dev/initctl Compatibility Named Pipe.
         Starting Uncomplicated firewall...
[[0;32m  OK  [0m] Listening on udev Kernel Socket.
         Starting udev Coldplug all Devices...
[[0;32m  OK  [0m] Listening on LVM2 metadata daemon socket.
         Mounting Huge Pages File System...
[[0;32m  OK  [0m] Reached target Slices.
[[0;32m  OK  [0m] Listening on Journal Audit Socket.
[[0;32m  OK  [0m] Listening on Device-mapper event daemon FIFOs.
         Starting Monitoring of LVM2 mirrorsâ€¦ng dmeventd or progress polling...
[[0;32m  OK  [0m] Listening on Journal Socket (/dev/log).
         Starting Journal Service...
         Starting Load Kernel Modules...
[[0;32m  OK  [0m] Reached target User and Group Name Lookups.
         Starting Set the console keyboard layout...
[[0;32m  OK  [0m] Started Create list of required staâ€¦vice nodes for the current kernel.
[[0;32m  OK  [0m] Started Remount Root and Kernel File Systems.
[[0;32m  OK  [0m] Mounted Kernel Debug File System.
[[0;32m  OK  [0m] Mounted POSIX Message Queue File System.
[[0;32m  OK  [0m] Started Uncomplicated firewall.
[[0;32m  OK  [0m] Mounted Huge Pages File System.
[    9.066484] Loading iSCSI transport class v2.0-870.
         Starting Load/Save Random Seed...
         Starting Create Static Device Nodes in /dev...
[[0;32m  OK  [0m] Started LVM2 metadata daemon.
[[0;32m  OK  [0m] Started udev Coldplug all Devices.
[[0;32m  OK  [0m] Started Journal Service.
         Starting Flush Journal to Persistent Storage...
[[0;32m  OK  [0m] Started Load/Save Random Seed.
[    9.246220] iscsi: registered transport (tcp)
[    9.317448] systemd-journald[395]: Received request to flush runtime journal from PID 1
[[0;32m  OK  [0m] Started Monitoring of LVM2 mirrors,â€¦sing dmeventd or progress polling.
[    9.400472] random: crng init done
[    9.402200] random: 7 urandom warning(s) missed due to ratelimiting
[[0;32m  OK  [0m] Started Flush Journal to Persistent Storage.
[[0;32m  OK  [0m] Started Create Static Device Nodes in /dev.
         Starting udev Kernel Device Manager...
[[0;32m  OK  [0m] Started Set the console keyboard layout.
[[0;32m  OK  [0m] Reached target Local File Systems (Pre).
[[0;32m  OK  [0m] Reached target Local File Systems.
         Starting Tell Plymouth To Write Out Runtime Data...
         Starting Commit a transient machine-id on disk...
         Starting AppArmor initialization...
         Starting ebtables ruleset management...
         Starting Create Volatile Files and Directories...
         Starting Set console font and keymap...
[[0;32m  OK  [0m] Started Tell Plymouth To Write Out Runtime Data.
[    9.732978] iscsi: registered transport (iser)
[[0;32m  OK  [0m] Started Load Kernel Modules.
         Mounting Kernel Configuration File System...
         Starting Apply Kernel Variables...
         Mounting FUSE Control File System...
[[0;32m  OK  [0m] Mounted Kernel Configuration File System.
[[0;32m  OK  [0m] Mounted FUSE Control File System.
[[0;32m  OK  [0m] Started Set console font and keymap.
[[0;32m  OK  [0m] Started Create Volatile Files and Directories.
         Starting Update UTMP about System Boot/Shutdown...
[[0;32m  OK  [0m] Started Update UTMP about System Boot/Shutdown.
[[0;32m  OK  [0m] Started Commit a transient machine-id on disk.
[[0;32m  OK  [0m] Started udev Kernel Device Manager.
[[0;32m  OK  [0m] Started Dispatch Password Requests to Console Directory Watch.
[[0;32m  OK  [0m] Reached target Local Encrypted Volumes.
[[0;32m  OK  [0m] Started Apply Kernel Variables.
[[0;32m  OK  [0m] Started ebtables ruleset management.
[[0;32m  OK  [0m] Found device /dev/ttyS0.
[[0;32m  OK  [0m] Listening on Load/Save RF Kill Switch Status /dev/rfkill Watch.
[[0;32m  OK  [0m] Started AppArmor initialization.
         Starting Initial cloud-init job (pre-networking)...
[   15.112264] cloud-init[542]: Cloud-init v. 19.3-41-gc4735dd3-0ubuntu1~18.04.1 running 'init-local' at Sun, 26 Jan 2020 05:44:11 +0000. Up 14.45 seconds.
[[0;32m  OK  [0m] Started Initial cloud-init job (pre-networking).
[[0;32m  OK  [0m] Reached target Network (Pre).
         Starting Network Service...
[[0;32m  OK  [0m] Started Network Service.
         Starting Network Name Resolution...
         Starting Wait for Network to be Configured...
[[0;32m  OK  [0m] Started Network Name Resolution.
[[0;32m  OK  [0m] Reached target Network.
[[0;32m  OK  [0m] Reached target Host and Network Name Lookups.
[[0;32m  OK  [0m] Started Wait for Network to be Configured.
         Starting Initial cloud-init job (metadata service crawler)...
[   17.586890] cloud-init[653]: Cloud-init v. 19.3-41-gc4735dd3-0ubuntu1~18.04.1 running 'init' at Sun, 26 Jan 2020 05:44:14 +0000. Up 17.33 seconds.
[   17.590061] cloud-init[653]: ci-info: ++++++++++++++++++++++++++++++++++++++Net device info++++++++++++++++++++++++++++++++++++++
[   17.593735] cloud-init[653]: ci-info: +--------+------+----------------------------+---------------+--------+-------------------+
[   17.597764] cloud-init[653]: ci-info: | Device |  Up  |          Address           |      Mask     | Scope  |     Hw-Address    |
[   17.601751] cloud-init[653]: ci-info: +--------+------+----------------------------+---------------+--------+-------------------+
[   17.606026] cloud-init[653]: ci-info: | enp0s3 | True |         10.0.2.15          | 255.255.255.0 | global | 02:6f:f9:1e:39:dc |
[   17.611328] cloud-init[653]: ci-info: | enp0s3 | True | fe80::6f:f9ff:fe1e:39dc/64 |       .       |  link  | 02:6f:f9:1e:39:dc |
[   17.615443] cloud-init[653]: ci-info: |   lo   | True |         127.0.0.1          |   255.0.0.0   |  host  |         .         |
[   17.628399] cloud-init[653]: ci-info: |   lo   | True |          ::1/128           |       .       |  host  |         .         |
[   17.632398] cloud-init[653]: ci-info: +--------+------+----------------------------+---------------+--------+-------------------+
[   17.637087] cloud-init[653]: ci-info: ++++++++++++++++++++++++++++Route IPv4 info+++++++++++++++++++++++++++++
[   17.641138] cloud-init[653]: ci-info: +-------+-------------+----------+-----------------+-----------+-------+
[   17.644948] cloud-init[653]: ci-info: | Route | Destination | Gateway  |     Genmask     | Interface | Flags |
[   17.648919] cloud-init[653]: ci-info: +-------+-------------+----------+-----------------+-----------+-------+
[   17.664495] cloud-init[653]: ci-info: |   0   |   0.0.0.0   | 10.0.2.2 |     0.0.0.0     |   enp0s3  |   UG  |
[   17.667384] cloud-init[653]: ci-info: |   1   |   10.0.2.0  | 0.0.0.0  |  255.255.255.0  |   enp0s3  |   U   |
[   17.670632] cloud-init[653]: ci-info: |   2   |   10.0.2.2  | 0.0.0.0  | 255.255.255.255 |   enp0s3  |   UH  |
[   17.673735] cloud-init[653]: ci-info: +-------+-------------+----------+-----------------+-----------+-------+
[   17.677588] cloud-init[653]: ci-info: +++++++++++++++++++Route IPv6 info+++++++++++++++++++
[   17.681040] cloud-init[653]: ci-info: +-------+-------------+---------+-----------+-------+
[   17.684946] cloud-init[653]: ci-info: | Route | Destination | Gateway | Interface | Flags |
[   17.696513] cloud-init[653]: ci-info: +-------+-------------+---------+-----------+-------+
[   17.708507] cloud-init[653]: ci-info: |   1   |  fe80::/64  |    ::   |   enp0s3  |   U   |
[   17.711126] cloud-init[653]: ci-info: |   3   |    local    |    ::   |   enp0s3  |   U   |
[   17.713604] cloud-init[653]: ci-info: |   4   |   ff00::/8  |    ::   |   enp0s3  |   U   |
[   17.716753] cloud-init[653]: ci-info: +-------+-------------+---------+-----------+-------+
[   18.733276] cloud-init[653]: Generating public/private rsa key pair.
[   18.735181] cloud-init[653]: Your identification has been saved in /etc/ssh/ssh_host_rsa_key.
[   18.737624] cloud-init[653]: Your public key has been saved in /etc/ssh/ssh_host_rsa_key.pub.
[   18.739853] cloud-init[653]: The key fingerprint is:
[   18.741394] cloud-init[653]: SHA256:mIrcJGe3a7kMTP5FXaAWggc9QND5P7pz6DREcA6Cwqw root@ubuntu-bionic
[   18.743830] cloud-init[653]: The key's randomart image is:
[   18.746976] cloud-init[653]: +---[RSA 2048]----+
[   18.749994] cloud-init[653]: |o.o+**o . .      |
[   18.751398] cloud-init[653]: |oo .+=+. o .     |
[   18.752763] cloud-init[653]: |o    oo.o   .    |
[   18.754330] cloud-init[653]: |E    ..+ . .     |
[   18.755695] cloud-init[653]: |  . = =.S .      |
[   18.757090] cloud-init[653]: | . @ + oo        |
[   18.758189] cloud-init[653]: |  o * ++..       |
[   18.759399] cloud-init[653]: |     =*+.        |
[   18.761027] cloud-init[653]: |     oB=         |
[   18.762623] cloud-init[653]: +----[SHA256]-----+
[   18.763908] cloud-init[653]: Generating public/private dsa key pair.
[   18.766004] cloud-init[653]: Your identification has been saved in /etc/ssh/ssh_host_dsa_key.
[   18.769793] cloud-init[653]: Your public key has been saved in /etc/ssh/ssh_host_dsa_key.pub.
[   18.772619] cloud-init[653]: The key fingerprint is:
[   18.774360] cloud-init[653]: SHA256:BwbrssY2uvLbqkfUwrdnVQM3N8isGT7zftIjclOVQ7I root@ubuntu-bionic
[   18.777194] cloud-init[653]: The key's randomart image is:
[   18.779045] cloud-init[653]: +---[DSA 1024]----+
[   18.781145] cloud-init[653]: |      . .+o.o    |
[   18.785591] cloud-init[653]: |       o..*o...  |
[   18.788126] cloud-init[653]: | . .  ..o= . + . |
[   18.789906] cloud-init[653]: |  + o. .B.  E +  |
[   18.791658] cloud-init[653]: | . o....S+.  . . |
[   18.793131] cloud-init[653]: |  ...oo  .. .    |
[   18.794844] cloud-init[653]: | .  *o   . o     |
[   18.796721] cloud-init[653]: |. .= .  . * +    |
[   18.798301] cloud-init[653]: |.=*+.    o = .   |
[   18.799784] cloud-init[653]: +----[SHA256]-----+
[   18.801546] cloud-init[653]: Generating public/private ecdsa key pair.
[   18.804128] cloud-init[653]: Your identification has been saved in /etc/ssh/ssh_host_ecdsa_key.
[   18.806643] cloud-init[653]: Your public key has been saved in /etc/ssh/ssh_host_ecdsa_key.pub.
[   18.809387] cloud-init[653]: The key fingerprint is:
[   18.811237] cloud-init[653]: SHA256:0xd89y+fyrYPln58BJNSDAX5cl3oq2Hou+tJMdahhEo root@ubuntu-bionic
[   18.813583] cloud-init[653]: The key's randomart image is:
[   18.815968] cloud-init[653]: +---[ECDSA 256]---+
[   18.817472] cloud-init[653]: |            o*.. |
[   18.819055] cloud-init[653]: |         . .. + .|
[   18.832540] cloud-init[653]: |      E . . ++.oo|
[   18.834709] cloud-init[653]: |     . . o oo+B.o|
[   18.836698] cloud-init[653]: |      . S *.o+ +.|
[   18.848658] cloud-init[653]: |         o.+o o o|
[   18.850831] cloud-init[653]: |         ... *o..|
[   18.852803] cloud-init[653]: |         ...=..=o|
[   18.855001] cloud-init[653]: |         .*+.==oo|
[   18.856389] cloud-init[653]: +----[SHA256]-----+
[   18.858522] cloud-init[653]: Generating public/private ed25519 key pair.
[   18.872687] cloud-init[653]: Your identification has been saved in /etc/ssh/ssh_host_ed25519_key.
[   18.876667] cloud-init[653]: Your public key has been saved in /etc/ssh/ssh_host_ed25519_key.pub.
[   18.879718] cloud-init[653]: The key fingerprint is:
[   18.881701] cloud-init[653]: SHA256:u8hDNqD33qRuHrqJ+GHa+iRQNyNb1ICA+v7EvuoPwlg root@ubuntu-bionic
[   18.885129] cloud-init[653]: The key's randomart image is:
[   18.887325] cloud-init[653]: +--[ED25519 256]--+
[   18.889665] cloud-init[653]: |o. .oo           |
[   18.891376] cloud-init[653]: |. ..  .          |
[   18.893246] cloud-init[653]: |. o =            |
[   18.904758] cloud-init[653]: |.. =.o           |
[   18.906401] cloud-init[653]: |..E. .  S        |
[   18.908506] cloud-init[653]: |+.o.. +  .       |
[   18.920618] cloud-init[653]: |+o=.o+..o        |
[   18.922218] cloud-init[653]: | O.* ++* .       |
[   18.932328] cloud-init[653]: |+=B+OBB.o        |
[   18.933749] cloud-init[653]: +----[SHA256]-----+
[[0;32m  OK  [0m] Started Initial cloud-init job (metadata service crawler).
[[0;32m  OK  [0m] Reached target Cloud-config availability.
[[0;32m  OK  [0m] Reached target Network is Online.
[[0;32m  OK  [0m] Reached target Remote File Systems (Pre).
[[0;32m  OK  [0m] Reached target Remote File Systems.
         Starting Availability of block devices...
[[0;32m  OK  [0m] Reached target System Initialization.
[[0;32m  OK  [0m] Started Message of the Day.
[[0;32m  OK  [0m] Started Daily Cleanup of Temporary Directories.
[[0;32m  OK  [0m] Started Discard unused blocks once a week.
[[0;32m  OK  [0m] Started Daily apt download activities.
         Starting LXD - unix socket.
[[0;32m  OK  [0m] Listening on D-Bus System Message Bus Socket.
[[0;32m  OK  [0m] Listening on Open-iSCSI iscsid Socket.
[[0;32m  OK  [0m] Started Daily apt upgrade and clean activities.
[[0;32m  OK  [0m] Reached target Timers.
[[0;32m  OK  [0m] Listening on UUID daemon activation socket.
[[0;32m  OK  [0m] Started ACPI Events Check.
[[0;32m  OK  [0m] Reached target Paths.
         Starting Socket activation for snappy daemon.
[[0;32m  OK  [0m] Listening on ACPID Listen Socket.
[[0;32m  OK  [0m] Started Availability of block devices.
[[0;32m  OK  [0m] Listening on LXD - unix socket.
[[0;32m  OK  [0m] Listening on Socket activation for snappy daemon.
[[0;32m  OK  [0m] Reached target Sockets.
[[0;32m  OK  [0m] Reached target Basic System.
         Starting Login Service...
         Starting Virtualbox guest utils...
         Starting LXD - container startup/shutdown...
[[0;32m  OK  [0m] Started Deferred execution scheduler.
         Starting Permit User Sessions...
[[0;32m  OK  [0m] Started Regular background program processing daemon.
         Starting Accounts Service...
[[0;32m  OK  [0m] Started D-Bus System Message Bus.
[[0;32m  OK  [0m] Started Login Service.
[[0;32m  OK  [0m] Started Unattended Upgrades Shutdown.
[[0;32m  OK  [0m] Started FUSE filesystem for LXC.
[[0;32m  OK  [0m] Started irqbalance daemon.
         Starting Pollinate to seed the pseudo random number generator...
         Starting System Logging Service...
         Starting Dispatcher daemon for systemd-networkd...
         Starting LSB: automatic crash report generation...
         Starting LSB: Record successful boot for GRUB...
         Starting Snappy daemon...
[[0;32m  OK  [0m] Started System Logging Service.
[[0;32m  OK  [0m] Started Permit User Sessions.
         Starting Authorization Manager...
         Starting Hold until boot process finishes up...
         Starting Terminate Plymouth Boot Screen...
[[0;32m  OK  [0m] Started Hold until boot process finishes up.
[[0;32m  OK  [0m] Started Terminate Plymouth Boot Screen.
[[0;32m  OK  [0m] Started Serial Getty on ttyS0.
         Starting Set console scheme...
[[0;32m  OK  [0m] Started LXD - container startup/shutdown.
[[0;32m  OK  [0m] Started Set console scheme.
[[0;32m  OK  [0m] Created slice system-getty.slice.
[[0;32m  OK  [0m] Started Getty on tty1.
[[0;32m  OK  [0m] Reached target Login Prompts.
[[0;32m  OK  [0m] Started LSB: automatic crash report generation.
[[0;32m  OK  [0m] Started Authorization Manager.
[[0;32m  OK  [0m] Started LSB: Record successful boot for GRUB.
[[0;32m  OK  [0m] Started Accounts Service.
[[0;32m  OK  [0m] Started Virtualbox guest utils.
[[0;32m  OK  [0m] Started Dispatcher daemon for systemd-networkd.
[[0;32m  OK  [0m] Started Snappy daemon.
         Starting Wait until snapd is fully seeded...
[[0;32m  OK  [0m] Started Pollinate to seed the pseudo random number generator.
         Starting OpenBSD Secure Shell server...
[[0;32m  OK  [0m] Started OpenBSD Secure Shell server.
[[0;32m  OK  [0m] Created slice User Slice of vagrant.
         Starting User Manager for UID 1000...
[[0;32m  OK  [0m] Started Session 1 of user vagrant.
[[0;32m  OK  [0m] Started User Manager for UID 1000.

Ubuntu 18.04.3 LTS ubuntu-bionic ttyS0

ubuntu-bionic login: [   43.315374] cloud-init[1861]: Cloud-init v. 19.3-41-gc4735dd3-0ubuntu1~18.04.1 running 'modules:config' at Sun, 26 Jan 2020 05:44:39 +0000. Up 42.50 seconds.
ci-info: no authorized ssh keys fingerprints found for user ubuntu.
<14>Jan 26 05:44:41 ec2: 
<14>Jan 26 05:44:41 ec2: #############################################################
<14>Jan 26 05:44:41 ec2: -----BEGIN SSH HOST KEY FINGERPRINTS-----
<14>Jan 26 05:44:41 ec2: 1024 SHA256:BwbrssY2uvLbqkfUwrdnVQM3N8isGT7zftIjclOVQ7I root@ubuntu-bionic (DSA)
<14>Jan 26 05:44:41 ec2: 256 SHA256:0xd89y+fyrYPln58BJNSDAX5cl3oq2Hou+tJMdahhEo root@ubuntu-bionic (ECDSA)
<14>Jan 26 05:44:41 ec2: 256 SHA256:u8hDNqD33qRuHrqJ+GHa+iRQNyNb1ICA+v7EvuoPwlg root@ubuntu-bionic (ED25519)
<14>Jan 26 05:44:41 ec2: 2048 SHA256:mIrcJGe3a7kMTP5FXaAWggc9QND5P7pz6DREcA6Cwqw root@ubuntu-bionic (RSA)
<14>Jan 26 05:44:41 ec2: -----END SSH HOST KEY FINGERPRINTS-----
<14>Jan 26 05:44:41 ec2: #############################################################
-----BEGIN SSH HOST KEY KEYS-----
ecdsa-sha2-nistp256 AAAAE2VjZHNhLXNoYTItbmlzdHAyNTYAAAAIbmlzdHAyNTYAAABBBP93Pk4k0mp6Fuzbwvf1q9NRfquHsyayxxLEiVezPmRWzFqDg1kf/p6gr29DAFrFFxv7VMhGuRcrIeR9VvbWbmg= root@ubuntu-bionic
ssh-ed25519 AAAAC3NzaC1lZDI1NTE5AAAAIJDR8g8anDRT31mX3WxwLOt0ChqdP4X36MVrL1OJgPO9 root@ubuntu-bionic
ssh-rsa AAAAB3NzaC1yc2EAAAADAQABAAABAQDNl5isodhd5RfVHeJq1E1ZvA+Yetxhmv4x4Db/GQvSkxJOyuJBtobpnBWRW2RWvt3nxJWmaOi1sbvsBiardYjeTSD4DPaWKUW0JrvSVyWgp1EqvZ0yD1981vjFaWuxvztfuiyQK+KAk+qNU6d7ZI7by5KoWss45JdCKwc1IGj2iHagExHpU66fXl3W+3jf4ldqKvD+L+WQ7Dhxecm47EJ6OEd0EKzUJs8Yij+qRHUk/9Jj68umMMO9nuzrWCEOxiTwh3sedVJfaQam2LR3OlD06kn7jJVP/ub487Yw0NPcAzYVzBLedG6S1nmsqvNhSFoUHqceuFjDe3EFQStNz5hz root@ubuntu-bionic
-----END SSH HOST KEY KEYS-----
[   44.701172] cloud-init[1942]: Cloud-init v. 19.3-41-gc4735dd3-0ubuntu1~18.04.1 running 'modules:final' at Sun, 26 Jan 2020 05:44:41 +0000. Up 44.43 seconds.
[   44.701252] cloud-init[1942]: ci-info: no authorized ssh keys fingerprints found for user ubuntu.
[   44.701295] cloud-init[1942]: Cloud-init v. 19.3-41-gc4735dd3-0ubuntu1~18.04.1 finished at Sun, 26 Jan 2020 05:44:41 +0000. Datasource DataSourceNoCloud [seed=/dev/sdb][dsmode=net].  Up 44.68 seconds
